// Jest Snapshot v1, https://goo.gl/fbAQLP

exports[`StyledNavbar renders correct snapshot for a StyledNavbar 1`] = `
<StyledComponent
  forwardedComponent={
    Object {
      "$$typeof": Symbol(react.forward_ref),
      "attrs": Array [],
      "componentStyle": ComponentStyle {
        "componentId": "sc-bdVaJa",
        "isStatic": true,
        "rules": Array [
          "
  height: 50px;
  display: grid;
  align-items: center;
  padding: 0 8px;
  font-size: 24px;
  box-shadow: 0 1px 3px 0 rgba(0, 0, 0, 0.3);
",
        ],
      },
      "displayName": "styled.div",
      "foldedComponentIds": Array [],
      "render": [Function],
      "styledComponentId": "sc-bdVaJa",
      "target": "div",
      "toString": [Function],
      "warnTooManyClasses": [Function],
      "withComponent": [Function],
    }
  }
  forwardedRef={null}
/>
`;
